------------------------------------------------------------
Timing Analyzer Summary
------------------------------------------------------------

Type  : Slow 1200mV 85C Model Setup 'clk'
Slack : -3.434
TNS   : -63.631

Type  : Slow 1200mV 85C Model Setup 'dlclock:inst|dlclk'
Slack : -1.624
TNS   : -17.557

Type  : Slow 1200mV 85C Model Hold 'dlclock:inst|dlclk'
Slack : 0.357
TNS   : 0.000

Type  : Slow 1200mV 85C Model Hold 'clk'
Slack : 0.685
TNS   : 0.000

Type  : Slow 1200mV 85C Model Minimum Pulse Width 'clk'
Slack : -3.000
TNS   : -32.000

Type  : Slow 1200mV 85C Model Minimum Pulse Width 'dlclock:inst|dlclk'
Slack : -1.000
TNS   : -17.000

Type  : Slow 1200mV 0C Model Setup 'clk'
Slack : -2.959
TNS   : -53.275

Type  : Slow 1200mV 0C Model Setup 'dlclock:inst|dlclk'
Slack : -1.349
TNS   : -13.992

Type  : Slow 1200mV 0C Model Hold 'dlclock:inst|dlclk'
Slack : 0.312
TNS   : 0.000

Type  : Slow 1200mV 0C Model Hold 'clk'
Slack : 0.636
TNS   : 0.000

Type  : Slow 1200mV 0C Model Minimum Pulse Width 'clk'
Slack : -3.000
TNS   : -32.000

Type  : Slow 1200mV 0C Model Minimum Pulse Width 'dlclock:inst|dlclk'
Slack : -1.000
TNS   : -17.000

Type  : Fast 1200mV 0C Model Setup 'clk'
Slack : -1.545
TNS   : -23.665

Type  : Fast 1200mV 0C Model Setup 'dlclock:inst|dlclk'
Slack : -0.470
TNS   : -2.885

Type  : Fast 1200mV 0C Model Hold 'dlclock:inst|dlclk'
Slack : 0.186
TNS   : 0.000

Type  : Fast 1200mV 0C Model Hold 'clk'
Slack : 0.311
TNS   : 0.000

Type  : Fast 1200mV 0C Model Minimum Pulse Width 'clk'
Slack : -3.000
TNS   : -33.580

Type  : Fast 1200mV 0C Model Minimum Pulse Width 'dlclock:inst|dlclk'
Slack : -1.000
TNS   : -17.000

------------------------------------------------------------
